R version 4.5.2 (2025-10-31)
• Platform: x86_64-pc-linux-gnu
• Running under: Ubuntu 24.04.4 LTS
• 
• Matrix products: default
• BLAS:   /usr/lib/x86_64-linux-gnu/openblas-pthread/libblas.so.3 
• LAPACK: /usr/lib/x86_64-linux-gnu/openblas-pthread/libopenblasp-r0.3.26.so;  LAPACK version 3.12.0
• 
• locale:
•  [1] LC_CTYPE=en_US.UTF-8       LC_NUMERIC=C              
•  [3] LC_TIME=en_US.UTF-8        LC_COLLATE=en_US.UTF-8    
•  [5] LC_MONETARY=en_US.UTF-8    LC_MESSAGES=en_US.UTF-8   
•  [7] LC_PAPER=en_US.UTF-8       LC_NAME=C                 
•  [9] LC_ADDRESS=C               LC_TELEPHONE=C            
• [11] LC_MEASUREMENT=en_US.UTF-8 LC_IDENTIFICATION=C       
• 
• time zone: Etc/UTC
• tzcode source: system (glibc)
• 
• attached base packages:
• [1] stats     graphics  grDevices utils     datasets  methods   base     
• 
• loaded via a namespace (and not attached):
•  [1] mirai_2.7.2.9000     later_1.4.8          R6_2.6.1            
•  [4] tidyselect_1.2.1     magrittr_2.0.4       crew_1.3.2          
•  [7] glue_1.8.0           nanonext_1.10.2.9000 tibble_3.3.1        
• [10] pkgconfig_2.0.3      lifecycle_1.0.5      ps_1.9.1            
• [13] promises_1.5.0       cli_3.6.5            processx_3.8.6      
• [16] vctrs_0.7.1          data.table_1.18.2.1  compiler_4.5.2      
• [19] rstudioapi_0.18.0    tools_4.5.2          pillar_1.11.1       
• [22] Rcpp_1.1.1           collections_0.3.11   otel_0.2.0          
• [25] rlang_1.2.0          autometric_0.1.2    
── Attaching core tidyverse packages ──────────────────────── tidyverse 2.0.0 ──
✔ dplyr     1.2.1     ✔ readr     2.2.0
✔ forcats   1.0.1     ✔ stringr   1.6.0
✔ ggplot2   4.0.2     ✔ tibble    3.3.1
✔ lubridate 1.9.5     ✔ tidyr     1.3.2
✔ purrr     1.2.1     
── Conflicts ────────────────────────────────────────── tidyverse_conflicts() ──
✖ dplyr::filter() masks stats::filter()
✖ dplyr::lag()    masks stats::lag()
ℹ Use the conflicted package (<http://conflicted.r-lib.org/>) to force all conflicts to become errors
[1] "(Intercept) (Intercept)"
[1] "(Intercept) ses"
[1] "ses ses"
[1] "(Intercept) sd__(Intercept)"
[1] "ses sd__(Intercept)"
[1] "sd__(Intercept) sd__(Intercept)"
[1] "(Intercept) sd__Observation"
[1] "ses sd__Observation"
[1] "sd__(Intercept) sd__Observation"
[1] "sd__Observation sd__Observation"
Called from: make_warnings_tbl(condition_dat)
debug at /storage/project/r-mhimmelstein3-0/jhelmer3/Empirical Identifiability/empirical-identifiability/Scripts/R/make_warnings_tbl.R#3: warning_patterns_rm <- str_c(c(" with max\\|grad\\| = [\\d.]+ .+[\\s\\S]*", 
    " with  \\(tol .+[\\s\\S]*", "\\(tol .+[\\s\\S]*", ": see help\\('isSingular'\\)?", 
    ": degenerate  Hessian with 1 negative eigenvalues", "\n[\\s\\S]*", 
    "\n\\s*See.*"), collapse = "|")
debug at /storage/project/r-mhimmelstein3-0/jhelmer3/Empirical Identifiability/empirical-identifiability/Scripts/R/make_warnings_tbl.R#13: error_patterns_rm <- "^[^;]*;\\s*|\\s\\(or scale parameter\\)"
debug at /storage/project/r-mhimmelstein3-0/jhelmer3/Empirical Identifiability/empirical-identifiability/Scripts/R/make_warnings_tbl.R#15: tab_options(opt_horizontal_padding(tab_style(fmt_percent(fmt_markdown(tab_header(cols_hide(cols_label(sub_missing(tab_style(j_gt(arrange(summarize(mutate(mutate(condition_dat, 
    lme4_warnings = map(lme4_warnings, function(lme4_warnings) map(lme4_warnings, 
        function(warning) str_remove_all(warning, warning_patterns_rm))), 
    error = map_chr(error, function(err) str_replace_all(str_wrap(str_remove_all(err, 
        error_patterns_rm), width = 45), "\n", "<br>"))), across(c(opt_warnings, 
    lme4_warnings), function(col) map_chr(col, function(w) if (is.na(w)) w[[1]] else str_c(str_to_sentence(flatten(w)), 
    collapse = "<br> ")))), .by = c(opt_warnings, lme4_warnings, 
    error), count = n(), prop = n()/first(pull(condition_dat, 
    n_bootstraps))), desc(prop))), style = cell_text(weight = "bold"), 
    location = cells_column_labels()), missing_text = "None"), 
    prop = "%", count = "Count", opt_warnings = "Optimizer", 
    lme4_warnings = md("`{lme4}`"), error = "Errors"), count), 
    "Warnings and Errors")), prop, decimals = 1), cell_fill(color = "#e2eee2"), 
    cells_body(rows = is.na(opt_warnings) & is.na(lme4_warnings) & 
        is.na(error))), scale = 1), table.font.size = 13)
[1] "(Intercept) (Intercept)"
[1] "(Intercept) ses"
[1] "ses ses"
[1] "(Intercept) sd__(Intercept)"
[1] "ses sd__(Intercept)"
[1] "sd__(Intercept) sd__(Intercept)"
[1] "(Intercept) sd__Observation"
[1] "ses sd__Observation"
[1] "sd__(Intercept) sd__Observation"
[1] "sd__Observation sd__Observation"
Called from: make_warnings_tbl(condition_dat)
debug at /storage/project/r-mhimmelstein3-0/jhelmer3/Empirical Identifiability/empirical-identifiability/Scripts/R/make_warnings_tbl.R#3: warning_patterns_rm <- str_c(c(" with max\\|grad\\| = [\\d.]+ .+[\\s\\S]*", 
    " with  \\(tol .+[\\s\\S]*", "\\(tol .+[\\s\\S]*", ": see help\\('isSingular'\\)?", 
    ": degenerate  Hessian with 1 negative eigenvalues", "\n[\\s\\S]*", 
    "\n\\s*See.*"), collapse = "|")
debug at /storage/project/r-mhimmelstein3-0/jhelmer3/Empirical Identifiability/empirical-identifiability/Scripts/R/make_warnings_tbl.R#13: error_patterns_rm <- "^[^;]*;\\s*|\\s\\(or scale parameter\\)"
debug at /storage/project/r-mhimmelstein3-0/jhelmer3/Empirical Identifiability/empirical-identifiability/Scripts/R/make_warnings_tbl.R#15: tab_options(opt_horizontal_padding(tab_style(fmt_percent(fmt_markdown(tab_header(cols_hide(cols_label(sub_missing(tab_style(j_gt(arrange(summarize(mutate(mutate(condition_dat, 
    lme4_warnings = map(lme4_warnings, function(lme4_warnings) map(lme4_warnings, 
        function(warning) str_remove_all(warning, warning_patterns_rm))), 
    error = map_chr(error, function(err) str_replace_all(str_wrap(str_remove_all(err, 
        error_patterns_rm), width = 45), "\n", "<br>"))), across(c(opt_warnings, 
    lme4_warnings), function(col) map_chr(col, function(w) if (is.na(w)) w[[1]] else str_c(str_to_sentence(flatten(w)), 
    collapse = "<br> ")))), .by = c(opt_warnings, lme4_warnings, 
    error), count = n(), prop = n()/first(pull(condition_dat, 
    n_bootstraps))), desc(prop))), style = cell_text(weight = "bold"), 
    location = cells_column_labels()), missing_text = "None"), 
    prop = "%", count = "Count", opt_warnings = "Optimizer", 
    lme4_warnings = md("`{lme4}`"), error = "Errors"), count), 
    "Warnings and Errors")), prop, decimals = 1), cell_fill(color = "#e2eee2"), 
    cells_body(rows = is.na(opt_warnings) & is.na(lme4_warnings) & 
        is.na(error))), scale = 1), table.font.size = 13)
[1] "(Intercept) (Intercept)"
[1] "(Intercept) ses"
[1] "ses ses"
[1] "(Intercept) sd__(Intercept)"
[1] "ses sd__(Intercept)"
[1] "sd__(Intercept) sd__(Intercept)"
[1] "(Intercept) sd__Observation"
[1] "ses sd__Observation"
[1] "sd__(Intercept) sd__Observation"
[1] "sd__Observation sd__Observation"
Called from: make_warnings_tbl(condition_dat)
debug at /storage/project/r-mhimmelstein3-0/jhelmer3/Empirical Identifiability/empirical-identifiability/Scripts/R/make_warnings_tbl.R#3: warning_patterns_rm <- str_c(c(" with max\\|grad\\| = [\\d.]+ .+[\\s\\S]*", 
    " with  \\(tol .+[\\s\\S]*", "\\(tol .+[\\s\\S]*", ": see help\\('isSingular'\\)?", 
    ": degenerate  Hessian with 1 negative eigenvalues", "\n[\\s\\S]*", 
    "\n\\s*See.*"), collapse = "|")
debug at /storage/project/r-mhimmelstein3-0/jhelmer3/Empirical Identifiability/empirical-identifiability/Scripts/R/make_warnings_tbl.R#13: error_patterns_rm <- "^[^;]*;\\s*|\\s\\(or scale parameter\\)"
debug at /storage/project/r-mhimmelstein3-0/jhelmer3/Empirical Identifiability/empirical-identifiability/Scripts/R/make_warnings_tbl.R#15: tab_options(opt_horizontal_padding(tab_style(fmt_percent(fmt_markdown(tab_header(cols_hide(cols_label(sub_missing(tab_style(j_gt(arrange(summarize(mutate(mutate(condition_dat, 
    lme4_warnings = map(lme4_warnings, function(lme4_warnings) map(lme4_warnings, 
        function(warning) str_remove_all(warning, warning_patterns_rm))), 
    error = map_chr(error, function(err) str_replace_all(str_wrap(str_remove_all(err, 
        error_patterns_rm), width = 45), "\n", "<br>"))), across(c(opt_warnings, 
    lme4_warnings), function(col) map_chr(col, function(w) if (is.na(w)) w[[1]] else str_c(str_to_sentence(flatten(w)), 
    collapse = "<br> ")))), .by = c(opt_warnings, lme4_warnings, 
    error), count = n(), prop = n()/first(pull(condition_dat, 
    n_bootstraps))), desc(prop))), style = cell_text(weight = "bold"), 
    location = cells_column_labels()), missing_text = "None"), 
    prop = "%", count = "Count", opt_warnings = "Optimizer", 
    lme4_warnings = md("`{lme4}`"), error = "Errors"), count), 
    "Warnings and Errors")), prop, decimals = 1), cell_fill(color = "#e2eee2"), 
    cells_body(rows = is.na(opt_warnings) & is.na(lme4_warnings) & 
        is.na(error))), scale = 1), table.font.size = 13)
[1] "(Intercept) (Intercept)"
[1] "(Intercept) ses"
[1] "ses ses"
[1] "(Intercept) sd__(Intercept)"
[1] "ses sd__(Intercept)"
[1] "sd__(Intercept) sd__(Intercept)"
[1] "(Intercept) sd__Observation"
[1] "ses sd__Observation"
[1] "sd__(Intercept) sd__Observation"
[1] "sd__Observation sd__Observation"
Called from: make_warnings_tbl(condition_dat)
debug at /storage/project/r-mhimmelstein3-0/jhelmer3/Empirical Identifiability/empirical-identifiability/Scripts/R/make_warnings_tbl.R#3: warning_patterns_rm <- str_c(c(" with max\\|grad\\| = [\\d.]+ .+[\\s\\S]*", 
    " with  \\(tol .+[\\s\\S]*", "\\(tol .+[\\s\\S]*", ": see help\\('isSingular'\\)?", 
    ": degenerate  Hessian with 1 negative eigenvalues", "\n[\\s\\S]*", 
    "\n\\s*See.*"), collapse = "|")
debug at /storage/project/r-mhimmelstein3-0/jhelmer3/Empirical Identifiability/empirical-identifiability/Scripts/R/make_warnings_tbl.R#13: error_patterns_rm <- "^[^;]*;\\s*|\\s\\(or scale parameter\\)"
debug at /storage/project/r-mhimmelstein3-0/jhelmer3/Empirical Identifiability/empirical-identifiability/Scripts/R/make_warnings_tbl.R#15: tab_options(opt_horizontal_padding(tab_style(fmt_percent(fmt_markdown(tab_header(cols_hide(cols_label(sub_missing(tab_style(j_gt(arrange(summarize(mutate(mutate(condition_dat, 
    lme4_warnings = map(lme4_warnings, function(lme4_warnings) map(lme4_warnings, 
        function(warning) str_remove_all(warning, warning_patterns_rm))), 
    error = map_chr(error, function(err) str_replace_all(str_wrap(str_remove_all(err, 
        error_patterns_rm), width = 45), "\n", "<br>"))), across(c(opt_warnings, 
    lme4_warnings), function(col) map_chr(col, function(w) if (is.na(w)) w[[1]] else str_c(str_to_sentence(flatten(w)), 
    collapse = "<br> ")))), .by = c(opt_warnings, lme4_warnings, 
    error), count = n(), prop = n()/first(pull(condition_dat, 
    n_bootstraps))), desc(prop))), style = cell_text(weight = "bold"), 
    location = cells_column_labels()), missing_text = "None"), 
    prop = "%", count = "Count", opt_warnings = "Optimizer", 
    lme4_warnings = md("`{lme4}`"), error = "Errors"), count), 
    "Warnings and Errors")), prop, decimals = 1), cell_fill(color = "#e2eee2"), 
    cells_body(rows = is.na(opt_warnings) & is.na(lme4_warnings) & 
        is.na(error))), scale = 1), table.font.size = 13)
[1] "(Intercept) (Intercept)"
[1] "(Intercept) ses"
[1] "ses ses"
[1] "(Intercept) rural"
[1] "ses rural"
[1] "rural rural"
[1] "(Intercept) sd__(Intercept)"
[1] "ses sd__(Intercept)"
[1] "rural sd__(Intercept)"
[1] "sd__(Intercept) sd__(Intercept)"
[1] "(Intercept) sd__Observation"
[1] "ses sd__Observation"
[1] "rural sd__Observation"
[1] "sd__(Intercept) sd__Observation"
[1] "sd__Observation sd__Observation"
Called from: make_warnings_tbl(condition_dat)
debug at /storage/project/r-mhimmelstein3-0/jhelmer3/Empirical Identifiability/empirical-identifiability/Scripts/R/make_warnings_tbl.R#3: warning_patterns_rm <- str_c(c(" with max\\|grad\\| = [\\d.]+ .+[\\s\\S]*", 
    " with  \\(tol .+[\\s\\S]*", "\\(tol .+[\\s\\S]*", ": see help\\('isSingular'\\)?", 
    ": degenerate  Hessian with 1 negative eigenvalues", "\n[\\s\\S]*", 
    "\n\\s*See.*"), collapse = "|")
debug at /storage/project/r-mhimmelstein3-0/jhelmer3/Empirical Identifiability/empirical-identifiability/Scripts/R/make_warnings_tbl.R#13: error_patterns_rm <- "^[^;]*;\\s*|\\s\\(or scale parameter\\)"
debug at /storage/project/r-mhimmelstein3-0/jhelmer3/Empirical Identifiability/empirical-identifiability/Scripts/R/make_warnings_tbl.R#15: tab_options(opt_horizontal_padding(tab_style(fmt_percent(fmt_markdown(tab_header(cols_hide(cols_label(sub_missing(tab_style(j_gt(arrange(summarize(mutate(mutate(condition_dat, 
    lme4_warnings = map(lme4_warnings, function(lme4_warnings) map(lme4_warnings, 
        function(warning) str_remove_all(warning, warning_patterns_rm))), 
    error = map_chr(error, function(err) str_replace_all(str_wrap(str_remove_all(err, 
        error_patterns_rm), width = 45), "\n", "<br>"))), across(c(opt_warnings, 
    lme4_warnings), function(col) map_chr(col, function(w) if (is.na(w)) w[[1]] else str_c(str_to_sentence(flatten(w)), 
    collapse = "<br> ")))), .by = c(opt_warnings, lme4_warnings, 
    error), count = n(), prop = n()/first(pull(condition_dat, 
    n_bootstraps))), desc(prop))), style = cell_text(weight = "bold"), 
    location = cells_column_labels()), missing_text = "None"), 
    prop = "%", count = "Count", opt_warnings = "Optimizer", 
    lme4_warnings = md("`{lme4}`"), error = "Errors"), count), 
    "Warnings and Errors")), prop, decimals = 1), cell_fill(color = "#e2eee2"), 
    cells_body(rows = is.na(opt_warnings) & is.na(lme4_warnings) & 
        is.na(error))), scale = 1), table.font.size = 13)
crew worker finished normally with mirai message: 3 | Daemon task limit reached
