R version 4.5.2 (2025-10-31)
• Platform: x86_64-pc-linux-gnu
• Running under: Ubuntu 24.04.4 LTS
• 
• Matrix products: default
• BLAS:   /usr/lib/x86_64-linux-gnu/openblas-pthread/libblas.so.3 
• LAPACK: /usr/lib/x86_64-linux-gnu/openblas-pthread/libopenblasp-r0.3.26.so;  LAPACK version 3.12.0
• 
• locale:
•  [1] LC_CTYPE=en_US.UTF-8       LC_NUMERIC=C              
•  [3] LC_TIME=en_US.UTF-8        LC_COLLATE=en_US.UTF-8    
•  [5] LC_MONETARY=en_US.UTF-8    LC_MESSAGES=en_US.UTF-8   
•  [7] LC_PAPER=en_US.UTF-8       LC_NAME=C                 
•  [9] LC_ADDRESS=C               LC_TELEPHONE=C            
• [11] LC_MEASUREMENT=en_US.UTF-8 LC_IDENTIFICATION=C       
• 
• time zone: Etc/UTC
• tzcode source: system (glibc)
• 
• attached base packages:
• [1] stats     graphics  grDevices utils     datasets  methods   base     
• 
• loaded via a namespace (and not attached):
•  [1] mirai_2.7.2.9000     later_1.4.8          R6_2.6.1            
•  [4] tidyselect_1.2.1     magrittr_2.0.4       crew_1.3.2          
•  [7] glue_1.8.0           nanonext_1.10.2.9000 tibble_3.3.1        
• [10] pkgconfig_2.0.3      lifecycle_1.0.5      ps_1.9.1            
• [13] promises_1.5.0       cli_3.6.5            processx_3.8.6      
• [16] vctrs_0.7.1          data.table_1.18.2.1  compiler_4.5.2      
• [19] rstudioapi_0.18.0    tools_4.5.2          pillar_1.11.1       
• [22] Rcpp_1.1.1           collections_0.3.11   otel_0.2.0          
• [25] rlang_1.2.0          autometric_0.1.2    
── Attaching core tidyverse packages ──────────────────────── tidyverse 2.0.0 ──
✔ dplyr     1.2.1     ✔ readr     2.2.0
✔ forcats   1.0.1     ✔ stringr   1.6.0
✔ ggplot2   4.0.2     ✔ tibble    3.3.1
✔ lubridate 1.9.5     ✔ tidyr     1.3.2
✔ purrr     1.2.1     
── Conflicts ────────────────────────────────────────── tidyverse_conflicts() ──
✖ dplyr::filter() masks stats::filter()
✖ dplyr::lag()    masks stats::lag()
ℹ Use the conflicted package (<http://conflicted.r-lib.org/>) to force all conflicts to become errors
boundary (singular) fit: see help('isSingular')
boundary (singular) fit: see help('isSingular')
boundary (singular) fit: see help('isSingular')
fixed-effect model matrix is rank deficient so dropping 1 column / coefficient
boundary (singular) fit: see help('isSingular')
boundary (singular) fit: see help('isSingular')
boundary (singular) fit: see help('isSingular')
boundary (singular) fit: see help('isSingular')
boundary (singular) fit: see help('isSingular')
boundary (singular) fit: see help('isSingular')
boundary (singular) fit: see help('isSingular')
boundary (singular) fit: see help('isSingular')
boundary (singular) fit: see help('isSingular')
boundary (singular) fit: see help('isSingular')
boundary (singular) fit: see help('isSingular')
fixed-effect model matrix is rank deficient so dropping 2 columns / coefficients
boundary (singular) fit: see help('isSingular')
boundary (singular) fit: see help('isSingular')
boundary (singular) fit: see help('isSingular')
boundary (singular) fit: see help('isSingular')
boundary (singular) fit: see help('isSingular')
boundary (singular) fit: see help('isSingular')
boundary (singular) fit: see help('isSingular')
fixed-effect model matrix is rank deficient so dropping 2 columns / coefficients
boundary (singular) fit: see help('isSingular')
boundary (singular) fit: see help('isSingular')
boundary (singular) fit: see help('isSingular')
boundary (singular) fit: see help('isSingular')
boundary (singular) fit: see help('isSingular')
boundary (singular) fit: see help('isSingular')
boundary (singular) fit: see help('isSingular')
boundary (singular) fit: see help('isSingular')
boundary (singular) fit: see help('isSingular')
fixed-effect model matrix is rank deficient so dropping 2 columns / coefficients
boundary (singular) fit: see help('isSingular')
boundary (singular) fit: see help('isSingular')
boundary (singular) fit: see help('isSingular')
boundary (singular) fit: see help('isSingular')
boundary (singular) fit: see help('isSingular')
boundary (singular) fit: see help('isSingular')
boundary (singular) fit: see help('isSingular')
boundary (singular) fit: see help('isSingular')
boundary (singular) fit: see help('isSingular')
boundary (singular) fit: see help('isSingular')
boundary (singular) fit: see help('isSingular')
boundary (singular) fit: see help('isSingular')
boundary (singular) fit: see help('isSingular')
boundary (singular) fit: see help('isSingular')
boundary (singular) fit: see help('isSingular')
boundary (singular) fit: see help('isSingular')
fixed-effect model matrix is rank deficient so dropping 1 column / coefficient
boundary (singular) fit: see help('isSingular')
boundary (singular) fit: see help('isSingular')
fixed-effect model matrix is rank deficient so dropping 1 column / coefficient
boundary (singular) fit: see help('isSingular')
fixed-effect model matrix is rank deficient so dropping 1 column / coefficient
fixed-effect model matrix is rank deficient so dropping 2 columns / coefficients
boundary (singular) fit: see help('isSingular')
fixed-effect model matrix is rank deficient so dropping 2 columns / coefficients
boundary (singular) fit: see help('isSingular')
fixed-effect model matrix is rank deficient so dropping 2 columns / coefficients
boundary (singular) fit: see help('isSingular')
fixed-effect model matrix is rank deficient so dropping 2 columns / coefficients
boundary (singular) fit: see help('isSingular')
fixed-effect model matrix is rank deficient so dropping 2 columns / coefficients
fixed-effect model matrix is rank deficient so dropping 2 columns / coefficients
boundary (singular) fit: see help('isSingular')
boundary (singular) fit: see help('isSingular')
boundary (singular) fit: see help('isSingular')
boundary (singular) fit: see help('isSingular')
boundary (singular) fit: see help('isSingular')
boundary (singular) fit: see help('isSingular')
boundary (singular) fit: see help('isSingular')
fixed-effect model matrix is rank deficient so dropping 2 columns / coefficients
boundary (singular) fit: see help('isSingular')
fixed-effect model matrix is rank deficient so dropping 2 columns / coefficients
boundary (singular) fit: see help('isSingular')
boundary (singular) fit: see help('isSingular')
fixed-effect model matrix is rank deficient so dropping 2 columns / coefficients
boundary (singular) fit: see help('isSingular')
boundary (singular) fit: see help('isSingular')
boundary (singular) fit: see help('isSingular')
boundary (singular) fit: see help('isSingular')
boundary (singular) fit: see help('isSingular')
boundary (singular) fit: see help('isSingular')
boundary (singular) fit: see help('isSingular')
boundary (singular) fit: see help('isSingular')
boundary (singular) fit: see help('isSingular')
boundary (singular) fit: see help('isSingular')
fixed-effect model matrix is rank deficient so dropping 2 columns / coefficients
boundary (singular) fit: see help('isSingular')
boundary (singular) fit: see help('isSingular')
boundary (singular) fit: see help('isSingular')
boundary (singular) fit: see help('isSingular')
boundary (singular) fit: see help('isSingular')
boundary (singular) fit: see help('isSingular')
fixed-effect model matrix is rank deficient so dropping 1 column / coefficient
fixed-effect model matrix is rank deficient so dropping 1 column / coefficient
fixed-effect model matrix is rank deficient so dropping 1 column / coefficient
fixed-effect model matrix is rank deficient so dropping 1 column / coefficient
fixed-effect model matrix is rank deficient so dropping 1 column / coefficient
fixed-effect model matrix is rank deficient so dropping 1 column / coefficient
fixed-effect model matrix is rank deficient so dropping 1 column / coefficient
boundary (singular) fit: see help('isSingular')
boundary (singular) fit: see help('isSingular')
boundary (singular) fit: see help('isSingular')
boundary (singular) fit: see help('isSingular')
fixed-effect model matrix is rank deficient so dropping 2 columns / coefficients
fixed-effect model matrix is rank deficient so dropping 2 columns / coefficients
fixed-effect model matrix is rank deficient so dropping 2 columns / coefficients
fixed-effect model matrix is rank deficient so dropping 2 columns / coefficients
boundary (singular) fit: see help('isSingular')
boundary (singular) fit: see help('isSingular')
boundary (singular) fit: see help('isSingular')
boundary (singular) fit: see help('isSingular')
fixed-effect model matrix is rank deficient so dropping 2 columns / coefficients
boundary (singular) fit: see help('isSingular')
boundary (singular) fit: see help('isSingular')
fixed-effect model matrix is rank deficient so dropping 2 columns / coefficients
boundary (singular) fit: see help('isSingular')
boundary (singular) fit: see help('isSingular')
fixed-effect model matrix is rank deficient so dropping 2 columns / coefficients
fixed-effect model matrix is rank deficient so dropping 2 columns / coefficients
boundary (singular) fit: see help('isSingular')
boundary (singular) fit: see help('isSingular')
boundary (singular) fit: see help('isSingular')
boundary (singular) fit: see help('isSingular')
boundary (singular) fit: see help('isSingular')
boundary (singular) fit: see help('isSingular')
boundary (singular) fit: see help('isSingular')
boundary (singular) fit: see help('isSingular')
boundary (singular) fit: see help('isSingular')
boundary (singular) fit: see help('isSingular')
boundary (singular) fit: see help('isSingular')
boundary (singular) fit: see help('isSingular')
boundary (singular) fit: see help('isSingular')
boundary (singular) fit: see help('isSingular')
boundary (singular) fit: see help('isSingular')
boundary (singular) fit: see help('isSingular')
boundary (singular) fit: see help('isSingular')
boundary (singular) fit: see help('isSingular')
boundary (singular) fit: see help('isSingular')
Warning: There were 3 warnings in `mutate()`.
The first warning was:
ℹ In argument: `fit_results = map2(bootstrap, model_string, fit_one)`.
Caused by warning in `checkConv()`:
! unable to evaluate scaled gradient
ℹ Run `dplyr::last_dplyr_warnings()` to see the 2 remaining warnings.
crew worker finished normally with mirai message: 3 | Daemon task limit reached
